Solver command line: ['C:\\Users\\anshu\\AppData\\Local\\Programs\\Python\\Python311\\Scripts\\cbc.exe', '-printingOptions', 'all', '-import', 'C:\\Users\\anshu\\AppData\\Local\\Temp\\tmpqmnutooz.pyomo.lp', '-stat=1', '-solve', '-solu', 'C:\\Users\\anshu\\AppData\\Local\\Temp\\tmpqmnutooz.pyomo.soln']

Welcome to the CBC MILP Solver 
Version: devel 
Build Date: Apr 27 2021 

command line - C:\Users\anshu\AppData\Local\Programs\Python\Python311\Scripts\cbc.exe -printingOptions all -import C:\Users\anshu\AppData\Local\Temp\tmpqmnutooz.pyomo.lp -stat=1 -solve -solu C:\Users\anshu\AppData\Local\Temp\tmpqmnutooz.pyomo.soln (default strategy 1)
Option for printingOptions changed from normal to all
 CoinLpIO::readLp(): Maximization problem reformulated as minimization
Coin0009I Switching back to maximization to get correct duals etc
Presolve 8 (-28) rows, 18 (-6) columns and 25 (-34) elements
Statistics for presolved model


Problem has 8 rows, 18 columns (11 with objective) and 25 elements
There are 11 singletons with objective 
Column breakdown:
0 of type 0.0->inf, 18 of type 0.0->up, 0 of type lo->inf, 
0 of type lo->up, 0 of type free, 0 of type fixed, 
0 of type -inf->0.0, 0 of type -inf->up, 0 of type 0.0->1.0 
Row breakdown:
0 of type E 0.0, 0 of type E 1.0, 0 of type E -1.0, 
7 of type E other, 0 of type G 0.0, 0 of type G 1.0, 
0 of type G other, 0 of type L 0.0, 0 of type L 1.0, 
0 of type L other, 0 of type Range 0.0->1.0, 1 of type Range other, 
0 of type Free 
Presolve 8 (-28) rows, 18 (-6) columns and 25 (-34) elements
Optimal - objective value 1085
After Postsolve, objective 1085, infeasibilities - dual 0 (0), primal 0 (0)
Optimal objective 1085 - 8 iterations time 0.012, Presolve 0.00
Total time (CPU seconds):       0.06   (Wallclock seconds):       0.06


